2021-01-01 10:21:54: LOG: Export: D:/Maya_Freelance/Sudog/scenes/Sudog_mesh.fbx
2021-01-09 10:20:31: LOG: Export: D:/Maya_Freelance/Sudog/scenes/Sudog_mesh.fbx
2022-08-24 06:58:08: LOG: Export: Z:/Maya_Freelance/BNB/scenes/Blocks.fbx
2022-08-24 06:59:11: LOG: Export: Z:/Maya_Freelance/BNB/scenes/Castle.fbx
2022-08-24 21:39:40: LOG: Export: Z:/Maya_Freelance/BNB/scenes/Blocks.fbx
2022-08-24 21:53:08: LOG: Export: Z:/Maya_Freelance/BNB/scenes/Castle.fbx
2022-08-24 21:56:27: LOG: Export: Z:/Maya_Freelance/BNB/scenes/Castle.fbx
2022-08-26 21:53:13: LOG: Export: Z:/Maya_Freelance/BNB/scenes/Creatures_Fish_Clown_Attack_001_Test.fbx
2022-08-26 22:05:58: LOG: Export: Z:/Maya_Freelance/BNB/scenes/Creatures_Fish_Clown_Attack_001_Test.fbx
2022-08-27 16:03:27: LOG: Export: Z:/Maya_Freelance/BNB/scenes/Creatures_Fish_Clown_Attack_001_Test_03.fbx
2022-08-27 16:16:04: LOG: Export: Z:/Maya_Freelance/BNB/scenes/Creatures_Fish_Clown_Attack_001_Test_03.fbx
2022-08-27 16:20:53: LOG: Export: Z:/Maya_Freelance/BNB/scenes/Creatures_Fish_Clown_Attack_001_Test_03.fbx
2022-08-27 16:26:20: LOG: Export: Z:/Maya_Freelance/BNB/scenes/Creatures_Fish_Clown_Attack_001_Test_03.fbx
2022-08-27 16:28:18: LOG: Export: Z:/Maya_Freelance/BNB/scenes/Creatures_Fish_Clown_Attack_001_Test_03.fbx
2022-08-27 16:30:40: LOG: Export: Z:/Maya_Freelance/BNB/scenes/Creatures_Fish_Clown_Attack_001_Test_03.fbx
2022-08-27 18:08:21: LOG: Export: Z:/Maya_Freelance/BNB/scenes/Creatures_Fish_Clown_Attack_001.fbx
2022-08-27 18:13:55: LOG: Export: Z:/Maya_Freelance/BNB/scenes/Creatures_Fish_Clown_Attack_001_Test_03.fbx
2022-08-27 18:27:42: LOG: Export: Z:/Maya_Freelance/BNB/scenes/Creatures_Fish_Clown_Attack_001_Test_03.fbx
2022-08-27 18:27:42: LOG: [WARNING] The FBX plug-in does not support assets created with the Advanced Asset menu. - The following container(s) will be ignored: container1
2022-08-27 18:31:04: LOG: Export: Z:/Maya_Freelance/BNB/scenes/Creatures_Fish_Clown_Attack_001_Test_04.fbx
2022-08-27 21:22:14: LOG: Export: Z:/Maya_Freelance/BNB/scenes/Creatures_Fish_Clown_Attack_001_Test_04.fbx
2022-08-28 10:16:04: LOG: Export: Z:/Maya_Freelance/BNB/scenes/Creatures_Fish_Clown_Attack_001_Test_04.fbx
2022-08-28 10:33:37: LOG: Export: Z:/Maya_Freelance/BNB/scenes/Creatures_Fish_Clown_Attack_001_Test_04.fbx
2022-08-28 10:43:06: LOG: Export: Z:/Maya_Freelance/BNB/scenes/Creatures_Fish_Clown_Attack_001_Test_04.fbx
2022-08-29 22:08:42: LOG: Export: Z:/Maya_Freelance/BNB/scenes/BNB_Char_02_GEO.fbx
2022-08-29 22:10:03: LOG: Export: Z:/Maya_Freelance/BNB/scenes/BNB_Char_02_GEO.fbx
