2023-03-30 11:30:56: LOG: Import: D:/Justin/Facegood/TEST.fbx
2023-05-08 17:22:30: LOG: Import: D:/Justin/Facegood/TEST.fbx
2023-05-10 11:22:25: LOG: Import: D:/Justin/Facegood/TEST.fbx
2023-06-12 13:14:51: LOG: Import: D:/Justin/maya/2023.2Q/Hillside/LV_SD_LivingRm.fbx
2023-06-12 13:16:42: LOG: Import: D:/Justin/maya/2023.2Q/Hillside/LV_SD_LivingRm.fbx
2023-06-12 13:19:15: LOG: Import: D:/Justin/maya/2023.2Q/Hillside/LV_SD_LivingRm.fbx
2023-06-12 13:28:36: LOG: Import: D:/Justin/maya/2023.2Q/Hillside/Seated Idle.fbx
2023-07-10 13:01:36: LOG: Import: D:/Justin/iClone/med_nrw_body_Idle_01.fbx
2023-07-10 13:52:58: LOG: Import: D:/Justin/iClone/med_nrw_body_Idle_01_v001_w008.fbx
2023-07-10 13:53:30: LOG: Import: D:/Justin/iClone/med_nrw_body_Idle_listening_01.fbx
2023-07-10 13:57:13: LOG: Import: D:/Justin/iClone/med_nrw_body_Idle_01_v001_w008.fbx
2023-07-10 14:31:11: LOG: Import: D:/Justin/iClone/med_nrw_body_Idle_01.fbx
2023-07-10 14:31:29: LOG: Import: D:/Justin/iClone/med_nrw_body_Idle_listening_02.fbx
2023-07-10 14:33:18: LOG: Import: D:/Justin/iClone/med_nrw_body_Idle_01.fbx
2023-07-10 14:33:44: LOG: Import: D:/Justin/iClone/med_nrw_body_Idle_listening_02.fbx
2023-07-10 14:48:24: LOG: Import: D:/Justin/iClone/med_nrw_body_Idle_01.fbx
2023-07-10 14:48:59: LOG: Import: D:/Justin/iClone/med_nrw_body_Idle_listening_02.fbx
2023-07-10 14:49:00: LOG: [WARNING] BindPose - Incomplete BindPose [nodes parents] - The following parent and/or ancestor node(s) is/are not part of the BindPose definition. thigh_twist_02_l thigh_l pelvis root_0 m_med_nrw_body_preview calf_r thigh_r calf_twist_02_r thigh_twist_01_l thigh_twist_01_r upperarm_l clavicle_l spine_05 spine_04 spine_03 spine_02 spine_01 lowerarm_l upperarm_twist_02_l upperarm_twist_01_l calf_twist_02_l calf_l thigh_twist_02_r lowerarm_r upperarm_r clavicle_r upperarm_twist_01_r upperarm_twist_02_r RootNode_0 lowerarm_correctiveRoot_l upperarm_correctiveRoot_l upperarm_correctiveRoot_r thigh_correctiveRoot_r lowerarm_correctiveRoot_r thigh_correctiveRoot_l calf_correctiveRoot_r calf_correctiveRoot_l
2023-07-10 14:57:50: LOG: Import: D:/Justin/iClone/med_nrw_body_Idle_01.fbx
2023-07-10 14:58:15: LOG: Import: D:/Justin/iClone/med_nrw_body_Idle_listening_02.fbx
2023-07-10 15:01:40: LOG: Import: D:/Justin/iClone/med_nrw_body_Idle_listening_02.fbx
2023-07-10 15:02:20: LOG: Import: D:/Justin/iClone/med_nrw_body_Idle_01.fbx
2023-07-10 15:03:14: LOG: Import: D:/Justin/iClone/med_nrw_body_Idle_01.fbx
2023-07-10 15:03:41: LOG: Import: D:/Justin/iClone/med_nrw_body_Idle_listening_02.fbx
2023-07-10 15:04:21: LOG: Import: D:/Justin/iClone/med_nrw_body_Idle_01.fbx
2023-07-10 15:09:09: LOG: Import: D:/Justin/iClone/med_nrw_body_Idle_listening_02.fbx
2023-07-10 17:16:10: LOG: Import: Z:/DigitalHuman/UE5/Animation/med_nrw_body_Idle_listening_02.fbx
2023-07-10 17:22:32: LOG: Import: Z:/DigitalHuman/UE5/Animation/med_nrw_body_Idle_listening_02.fbx
2023-08-24 16:33:20: LOG: Import: D:/Justin/maya/2023.3Q/blendshapes/base_y-z_2.fbx
2023-08-24 16:43:49: LOG: Import: D:/Justin/maya/2023.3Q/blendshapes/base_y-z_2.fbx
2023-08-24 16:46:19: LOG: Import: D:/Justin/maya/2023.3Q/blendshapes/base_y-z_2.fbx
2023-08-24 16:49:02: LOG: Import: D:/Justin/maya/2023.3Q/blendshapes/base_y-z_2.fbx
2023-08-24 16:50:28: LOG: Import: D:/Justin/maya/2023.3Q/blendshapes/base_y-z_2.fbx
2023-08-24 17:04:29: LOG: Import: D:/Justin/maya/2023.3Q/blendshapes/base_y-z_2.fbx
2023-08-24 17:45:44: LOG: Import: D:/Justin/maya/2023.3Q/blendshapes/base_new.fbx
2023-08-24 17:52:57: LOG: Import: D:/Justin/maya/2023.3Q/blendshapes/base_new.fbx
2023-08-24 17:56:00: LOG: Import: D:/Justin/maya/2023.3Q/blendshapes/base_new.fbx
2023-08-24 17:57:43: LOG: Import: D:/Justin/maya/2023.3Q/blendshapes/base_new.fbx
2023-08-24 17:58:59: LOG: Import: D:/Justin/maya/2023.3Q/blendshapes/base_new.fbx
2023-08-24 18:01:31: LOG: Import: D:/Justin/maya/2023.3Q/blendshapes/base_new.fbx
2023-08-24 18:26:20: LOG: Import: D:/Justin/maya/2023.3Q/blendshapes/base_new.fbx
2023-08-24 18:29:40: LOG: Import: D:/Justin/maya/2023.3Q/blendshapes/base_new.fbx
2023-09-14 16:25:44: LOG: Import: D:/Justin/motionbuilder/2023.3Q/MH_to_MB/kyuseokKim_03.FBX
2023-09-14 16:27:24: LOG: [WARNING] BindPose - Incomplete BindPose [nodes parents] - The following parent and/or ancestor node(s) is/are not part of the BindPose definition. head neck_02 neck_01 spine_05 spine_04 spine_03 spine_02 spine_01 pelvis root foot_l calf_l thigh_l foot_r calf_r thigh_r
2023-09-14 16:27:24: LOG: [WARNING] BindPose - Incomplete BindPose [link nodes] - The following Link node(s) is/are not part of the BindPose definition. root pelvis spine_01 spine_02 spine_03 spine_04 spine_05 clavicle_pec_l clavicle_pec_r spine_04_latissimus_l spine_04_latissimus_r clavicle_l clavicle_out_l clavicle_scap_l upperarm_l upperarm_correctiveRoot_l upperarm_out_l upperarm_fwd_l upperarm_in_l upperarm_bck_l clavicle_r clavicle_out_r clavicle_scap_r upperarm_r upperarm_correctiveRoot_r upperarm_out_r upperarm_fwd_r upperarm_in_r upperarm_bck_r neck_01 neck_02 head lowerarm_l hand_l middle_metacarpal_l middle_01_l middle_02_l middle_03_l middle_03_half_l middle_03_in_l middle_02_dip_l middle_03_bulge_l middle_02_side_inn_l middle_02_side_out_l middle_02_half_l middle_02_in_l middle_02_pip_l middle_02_bulge_l middle_01_side_inn_l middle_01_side_out_l middle_01_half_l middle_01_palm_l middle_01_mcp_l middle_01_bulge_l middle_01_palmMid_l middle_metacarpal_slide_l pinky_metacarpal_l pinky_01_l pinky_02_l pinky_03_l pinky_03_hal
2023-09-18 15:53:19: LOG: Import: D:/Justin/motionbuilder/2023.3Q/MH_to_MB/M_Standing_Idle_002_01.fbx
2023-09-18 15:53:28: LOG: [ERROR  ] HIK Character Import - HIK character not loaded. The FBX plug-in cannot merge an incomplete skeleton definition if the skeleton definition is not already in the destination scene :  RPM_HIK
2023-09-19 10:55:44: LOG: Import: D:/Justin/motionbuilder/2023.3Q/MH_to_MB/M_Standing_Idle_002_01.fbx
2023-09-19 10:55:54: LOG: [ERROR  ] HIK Character Import - HIK character not loaded. The FBX plug-in cannot merge an incomplete skeleton definition if the skeleton definition is not already in the destination scene :  RPM_HIK
2023-09-19 13:14:28: LOG: Import: D:/Justin/motionbuilder/2023.3Q/MH_to_MB/yehunHwang/yehunHwang_ID_01.FBX
2023-09-19 13:16:31: LOG: [WARNING] BindPose - Incomplete BindPose [nodes parents] - The following parent and/or ancestor node(s) is/are not part of the BindPose definition. neck_01 spine_05 spine_04 spine_03 spine_02 spine_01 pelvis root neck_02 head
2023-09-19 13:16:31: LOG: [WARNING] BindPose - Incomplete BindPose [link nodes] - The following Link node(s) is/are not part of the BindPose definition. root pelvis spine_01 spine_02 spine_03 spine_04 spine_05 clavicle_pec_l clavicle_pec_r spine_04_latissimus_l spine_04_latissimus_r clavicle_l clavicle_out_l clavicle_scap_l upperarm_l upperarm_correctiveRoot_l upperarm_out_l upperarm_fwd_l upperarm_in_l upperarm_bck_l clavicle_r clavicle_out_r clavicle_scap_r upperarm_r upperarm_correctiveRoot_r upperarm_out_r upperarm_fwd_r upperarm_in_r upperarm_bck_r neck_01 neck_02 head
2023-09-19 13:16:31: LOG: [WARNING] Skin Definition - The imported scene has no initial binding position (Bind Pose) for the skin. 
	The plug-in will compute one automatically. However, running the 'Go To Bind Pose' command 
	may create unexpected results.   
2023-09-19 13:17:24: LOG: Import: D:/Justin/motionbuilder/2023.3Q/MH_to_MB/kyuseokKim_06_none_character_Tpose_Key.FBX
2023-09-19 13:33:00: LOG: Import: D:/Justin/motionbuilder/2023.3Q/MH_to_MB/yehunHwang/m_med_nrw_body.FBX
2023-09-19 13:33:13: LOG: Import: D:/Justin/motionbuilder/2023.3Q/MH_to_MB/yehunHwang/m_med_nrw_body_preview.FBX
2023-09-19 14:38:09: LOG: Import: D:/Justin/motionbuilder/2023.3Q/MH_to_MB/yehunHwang/yehunHwang_ID_01.FBX
2023-09-19 14:39:55: LOG: [WARNING] BindPose - Incomplete BindPose [nodes parents] - The following parent and/or ancestor node(s) is/are not part of the BindPose definition. neck_01 spine_05 spine_04 spine_03 spine_02 spine_01 pelvis root neck_02 head
2023-09-19 14:39:55: LOG: [WARNING] BindPose - Incomplete BindPose [link nodes] - The following Link node(s) is/are not part of the BindPose definition. root pelvis spine_01 spine_02 spine_03 spine_04 spine_05 clavicle_pec_l clavicle_pec_r spine_04_latissimus_l spine_04_latissimus_r clavicle_l clavicle_out_l clavicle_scap_l upperarm_l upperarm_correctiveRoot_l upperarm_out_l upperarm_fwd_l upperarm_in_l upperarm_bck_l clavicle_r clavicle_out_r clavicle_scap_r upperarm_r upperarm_correctiveRoot_r upperarm_out_r upperarm_fwd_r upperarm_in_r upperarm_bck_r neck_01 neck_02 head
2023-09-19 14:39:55: LOG: [WARNING] Skin Definition - The imported scene has no initial binding position (Bind Pose) for the skin. 
	The plug-in will compute one automatically. However, running the 'Go To Bind Pose' command 
	may create unexpected results.   
2023-09-19 14:41:35: LOG: Import: D:/Justin/motionbuilder/2023.3Q/MH_to_MB/kyuseokKim_06_none_character_Tpose_Key.FBX
